test_bind_repair_child_separates_an_unexplained_store_refusal (factory.tests.test_migrations.MigrationTests.test_bind_repair_child_separates_an_unexplained_store_refusal) ... ok
test_execution_migrations_are_immutable_forward_only_and_capability_shaped (factory.tests.test_migrations.MigrationTests.test_execution_migrations_are_immutable_forward_only_and_capability_shaped) ... ok
test_exit_runner_container_binding_and_cleanup_are_exact_id_scoped (factory.tests.test_migrations.MigrationTests.test_exit_runner_container_binding_and_cleanup_are_exact_id_scoped) ... ok
test_exit_runner_never_deletes_by_name_when_container_creation_fails (factory.tests.test_migrations.MigrationTests.test_exit_runner_never_deletes_by_name_when_container_creation_fails) ... ok
test_exit_runner_orders_bound_preflight_before_mutating_suite (factory.tests.test_migrations.MigrationTests.test_exit_runner_orders_bound_preflight_before_mutating_suite) ... ok
test_exit_runner_removes_its_exact_container_and_restart_volume (factory.tests.test_migrations.MigrationTests.test_exit_runner_removes_its_exact_container_and_restart_volume) ... ok
test_exit_runner_reports_leaked_id_without_cleanup_when_binding_fails (factory.tests.test_migrations.MigrationTests.test_exit_runner_reports_leaked_id_without_cleanup_when_binding_fails) ... ok
test_exit_runner_waits_for_final_pid1_postmaster_and_readiness (factory.tests.test_migrations.MigrationTests.test_exit_runner_waits_for_final_pid1_postmaster_and_readiness) ... ok
test_matching_applied_migrations_are_idempotent (factory.tests.test_migrations.MigrationTests.test_matching_applied_migrations_are_idempotent) ... ok
test_missing_renamed_or_checksum_changed_applied_migration_fails (factory.tests.test_migrations.MigrationTests.test_missing_renamed_or_checksum_changed_applied_migration_fails) ... ok
test_packaged_migrations_are_contiguous_and_factory_only (factory.tests.test_migrations.MigrationTests.test_packaged_migrations_are_contiguous_and_factory_only) ... ok
test_repair_child_guard_structure_maps_each_reason_to_one_clause_group (factory.tests.test_migrations.MigrationTests.test_repair_child_guard_structure_maps_each_reason_to_one_clause_group) ... ok
test_repair_child_rejection_channel_stays_disjoint_from_bindings (factory.tests.test_migrations.MigrationTests.test_repair_child_rejection_channel_stays_disjoint_from_bindings)
INV-001 / AC-002: neither channel can be read as the other, in either direction. ... ok
test_repair_child_rejection_reasons_match_the_python_allowlist (factory.tests.test_migrations.MigrationTests.test_repair_child_rejection_reasons_match_the_python_allowlist) ... ok
test_repair_child_rejection_resource_is_additive_and_typed (factory.tests.test_migrations.MigrationTests.test_repair_child_rejection_resource_is_additive_and_typed) ... ok
test_restart_database_revalidates_binding_and_targets_only_full_id (factory.tests.test_migrations.MigrationTests.test_restart_database_revalidates_binding_and_targets_only_full_id) ... ok
test_restart_probe_database_identity_is_exact_postgresql_17_cluster (factory.tests.test_migrations.MigrationTests.test_restart_probe_database_identity_is_exact_postgresql_17_cluster) ... ok
test_restart_probe_rebuilds_distinct_capability_urls_after_port_change (factory.tests.test_migrations.MigrationTests.test_restart_probe_rebuilds_distinct_capability_urls_after_port_change) ... ok
test_restart_probe_rejects_ambiguous_or_non_loopback_port_bindings (factory.tests.test_migrations.MigrationTests.test_restart_probe_rejects_ambiguous_or_non_loopback_port_bindings) ... ok
test_restart_probe_rejects_bad_container_metadata_before_database_access (factory.tests.test_migrations.MigrationTests.test_restart_probe_rejects_bad_container_metadata_before_database_access) ... ok
test_restart_releaser_wraps_real_broker_with_exact_at_least_once_outcomes (factory.tests.test_migrations.MigrationTests.test_restart_releaser_wraps_real_broker_with_exact_at_least_once_outcomes) ... ok
test_semantic_evidence_functions_are_reserved_to_distinct_capabilities (factory.tests.test_migrations.MigrationTests.test_semantic_evidence_functions_are_reserved_to_distinct_capabilities) ... ok
test_semantic_migration_is_additive_append_only_and_capability_shaped (factory.tests.test_migrations.MigrationTests.test_semantic_migration_is_additive_append_only_and_capability_shaped) ... ok
test_sql_declares_skip_locked_fences_capacity_budgets_and_append_only_audit (factory.tests.test_migrations.MigrationTests.test_sql_declares_skip_locked_fences_capacity_budgets_and_append_only_audit) ... ok

----------------------------------------------------------------------
Ran 24 tests in 0.048s

OK
