bringing up nodes...
bringing up nodes...

.uuu.u.uu.u.uu.u.uuu..u..u.....uuu...u.uu..uuuuu...u...uu....u.uu.u.uuuu [ 23%]
uuuuuu.uu....uuu...uuuu.u.u.uuuu.uuuu..u.u..uuuu..u..u.uuuuuu.uu.uuuu..u [ 43%]
uuuuuuu.u.uu..uuu.u.u.uu.uuu.uuuu.uuuu.uuuuu..uuuu.uuuu.uu..uuuuuuuuuuuu [ 55%]
uu.uuuuuuuuuuuuu.u..uu.uuu.uu..uuu.uuuuuuuuuuuuuu.uuu.uuuu.uuuu..uuu.uuu [ 65%]
uuuuu.uuu.........uuu.uu.uuuuu.uu.uuuuuuuu.uu..uuuuuuuuuuu...uu..uuu..uu [ 79%]
u.uuuuu.u.uuuuuuuuuuuuuu..u.u.uuuu.uuuuu.uuuuuuuuuu.uuu.uu.uuuuuuuu..uuu [ 86%]
u...uuuu..uuuuuuuuuu..uuuu..uu..uuuuu.u.uuuu.uuuuuuuuuuuuuuuuuuuuuuuuuuu [ 91%]
uuuuuuuuuuuuuuuuuuuuuuuuuuuuuuuuuuuuuuuuuuuuuuuuuuuuuuuuuuuuuuuuuuuu.uuu [ 91%]
uuuuuuuuuuuuuuuuuuu.uuuuuuuuuuuuu.uuuu.uu.uuuuuuuuu.uuu.uuuu.u.uuuuuuuu. [ 95%]
....uuu.uuuuuuuuuuuuuuuuu.uuu.u.uuuu.uuuuuuuuuuuuuuuuuuuuuuuuuuuuuuuuuuu [ 98%]
uuuuuuuuuu.u..u.uuuu.u.uu.uuu.                                           [100%]
=================================== FAILURES ===================================
_ ArchitectureModelTests.test_every_authoritative_object_is_closed_and_required (schema="'architecture-rules.schema.json'", object='8') _
[gw15] linux -- Python 3.12.3 /tmp/agbp-venv/bin/python

self = <tests.test_architecture_model.ArchitectureModelTests testMethod=test_every_authoritative_object_is_closed_and_required>

    def test_every_authoritative_object_is_closed_and_required(self) -> None:
        system = _system()
        rules = _rules()
        cases: list[tuple[str, dict, dict]] = []
        for key in tuple(system):
            changed = copy.deepcopy(system)
            del changed[key]
            cases.append((f"system root {key}", changed, rules))
        for key in tuple(system["nodes"][0]):
            changed = copy.deepcopy(system)
            del changed["nodes"][0][key]
            cases.append((f"node {key}", changed, rules))
        for key in tuple(system["nodes"][0]["runtime"]):
            changed = copy.deepcopy(system)
            del changed["nodes"][0]["runtime"][key]
            cases.append((f"runtime {key}", changed, rules))
        for key in tuple(system["edges"][0]):
            changed = copy.deepcopy(system)
            del changed["edges"][0][key]
            cases.append((f"edge {key}", changed, rules))
        for key in tuple(system["edges"][0]["failure_behavior"]):
            changed = copy.deepcopy(system)
            del changed["edges"][0]["failure_behavior"][key]
            cases.append((f"failure behavior {key}", changed, rules))
        for key in tuple(rules):
            changed = copy.deepcopy(rules)
            del changed[key]
            cases.append((f"rules root {key}", system, changed))
        for label, changed_system, changed_rules in cases:
            with self.subTest(label=label):
                root = self._repo(changed_system, changed_rules)
                with self.assertRaises(ARCH.ArchitectureError):
                    ARCH.load_architecture(root)
    
        system = _system()
        system["nodes"][0]["unknown"] = True
        with self.assertRaises(ARCH.ArchitectureError):
            ARCH.load_architecture(self._repo(system, _rules()))
        system = _system()
        system["edges"][0]["failure_behavior"]["unknown"] = True
        with self.assertRaises(ARCH.ArchitectureError):
            ARCH.load_architecture(self._repo(system, _rules()))
        rules = _rules()
        rules["unknown"] = True
        with self.assertRaises(ARCH.ArchitectureError):
            ARCH.load_architecture(self._repo(_system(), rules))
    
        for schema_name, expected_objects in (
            ("architecture-system.schema.json", 10),
            ("architecture-rules.schema.json", 13),
        ):
            schema = json.loads((ROOT / "schemas" / schema_name).read_text(encoding="utf-8"))
            objects: list[dict] = []
    
            def collect(value) -> None:
                if isinstance(value, dict):
                    if value.get("type") == "object":
                        objects.append(value)
                    for child in value.values():
                        collect(child)
                elif isinstance(value, list):
                    for child in value:
                        collect(child)
    
            collect(schema)
            self.assertEqual(len(objects), expected_objects, schema_name)
            for index, object_schema in enumerate(objects):
                with self.subTest(schema=schema_name, object=index):
                    self.assertIs(object_schema.get("additionalProperties"), False)
>                   self.assertEqual(
                        set(object_schema.get("required", [])),
                        set(object_schema.get("properties", {})),
                    )
E                   AssertionError: Items in the second set but not the first:
E                   'allowed_dependency_modules'

tests/test_architecture_model.py:656: AssertionError
=========================== short test summary info ============================
SUBFAILED(schema="'architecture-rules.schema.json'", object='8') tests/test_architecture_model.py::ArchitectureModelTests::test_every_authoritative_object_is_closed_and_required
1 failed, 172 passed, 577 subtests passed in 9.72s
