bringing up nodes...
bringing up nodes...


==================================== ERRORS ====================================
_____________ ERROR collecting factory/tests/test_landing_media.py _____________
ImportError while importing test module '/home/pall/grok-projects/adaptive-grok-build-pro-l5-split-d/factory/tests/test_landing_media.py'.
Hint: make sure your test modules/packages have valid Python names.
Traceback:
/usr/lib/python3.12/importlib/__init__.py:90: in import_module
    return _bootstrap._gcd_import(name[level:], package, level)
           ^^^^^^^^^^^^^^^^^^^^^^^^^^^^^^^^^^^^^^^^^^^^^^^^^^^^
factory/tests/test_landing_media.py:9: in <module>
    from adaptive_factory import landing_media
E   ImportError: cannot import name 'landing_media' from 'adaptive_factory' (/home/pall/grok-projects/adaptive-grok-build-pro-l5-split-d/factory/src/adaptive_factory/__init__.py)
______________ ERROR collecting factory/tests/test_landing_sse.py ______________
ImportError while importing test module '/home/pall/grok-projects/adaptive-grok-build-pro-l5-split-d/factory/tests/test_landing_sse.py'.
Hint: make sure your test modules/packages have valid Python names.
Traceback:
/usr/lib/python3.12/importlib/__init__.py:90: in import_module
    return _bootstrap._gcd_import(name[level:], package, level)
           ^^^^^^^^^^^^^^^^^^^^^^^^^^^^^^^^^^^^^^^^^^^^^^^^^^^^
factory/tests/test_landing_sse.py:18: in <module>
    from adaptive_factory.landing_sse import QwenOmniStreamDecoder
E   ModuleNotFoundError: No module named 'adaptive_factory.landing_sse'
________ ERROR collecting factory/tests/test_landing_live_executors.py _________
ImportError while importing test module '/home/pall/grok-projects/adaptive-grok-build-pro-l5-split-d/factory/tests/test_landing_live_executors.py'.
Hint: make sure your test modules/packages have valid Python names.
Traceback:
/usr/lib/python3.12/importlib/__init__.py:90: in import_module
    return _bootstrap._gcd_import(name[level:], package, level)
           ^^^^^^^^^^^^^^^^^^^^^^^^^^^^^^^^^^^^^^^^^^^^^^^^^^^^
factory/tests/test_landing_live_executors.py:23: in <module>
    from adaptive_factory.landing_http import HTTP_NORMALIZER_PROMPT, HTTP_PROTOCOL_VERSION, HttpLandingProfile, HttpLandingExecutionRequest
E   ModuleNotFoundError: No module named 'adaptive_factory.landing_http'
=========================== short test summary info ============================
ERROR factory/tests/test_landing_media.py - ImportError while importing test ...
ERROR factory/tests/test_landing_sse.py - ImportError while importing test mo...
ERROR factory/tests/test_landing_live_executors.py - ImportError while import...
3 errors in 2.65s
