.                                              [100%]
=================================== FAILURES ===================================
_ PublicationStoreSchemaTests.test_weaker_constraints_types_and_unexpected_schema_objects_fail_closed (schema='internal-lookalike', readonly=False) _

self = <tests.test_landing_publication_cli.PublicationStoreSchemaTests testMethod=test_weaker_constraints_types_and_unexpected_schema_objects_fail_closed>

    def test_weaker_constraints_types_and_unexpected_schema_objects_fail_closed(self):
        cases = {
            "missing-unique": (self.SCHEMA.replace("NOT NULL UNIQUE", "NOT NULL"), None),
            "missing-primary": (self.SCHEMA.replace("TEXT PRIMARY KEY", "TEXT NOT NULL"), None),
            "nullable": (self.SCHEMA.replace("body BLOB NOT NULL", "body BLOB"), None),
            "wrong-type": (self.SCHEMA.replace("body BLOB", "body TEXT"), None),
            "default": (self.SCHEMA.replace("phase TEXT NOT NULL", "phase TEXT NOT NULL DEFAULT 'prepared'"), None),
            "not-strict": (self.SCHEMA.replace(") STRICT", ")"), None),
            "without-rowid": (self.SCHEMA.replace(") STRICT", ") STRICT, WITHOUT ROWID"), None),
            "collation": (self.SCHEMA.replace("NOT NULL UNIQUE", "NOT NULL COLLATE NOCASE UNIQUE"), None),
            "trigger": (self.SCHEMA, "CREATE TRIGGER publication_noop AFTER INSERT ON publication_intents BEGIN SELECT 1; END"),
            "internal-lookalike": (self.SCHEMA, "CREATE TRIGGER sqliteXpublication AFTER INSERT ON publication_intents BEGIN SELECT 1; END"),
            "view": (self.SCHEMA, "CREATE VIEW publication_view AS SELECT request_id FROM publication_intents"),
            "index": (self.SCHEMA, "CREATE INDEX publication_phase ON publication_intents(phase)"),
            "table": (self.SCHEMA, "CREATE TABLE publication_other (value TEXT) STRICT"),
        }
        for name, (schema, extra) in cases.items():
            root = self.database(name, schema, extra)
            for readonly in (False, True):
                with self.subTest(schema=name, readonly=readonly):
>                   with self.assertRaisesRegex(PublicationError, "publication_state_schema"):
E                   AssertionError: PublicationError not raised

factory/tests/test_landing_publication_cli.py:443: AssertionError
_ PublicationStoreSchemaTests.test_weaker_constraints_types_and_unexpected_schema_objects_fail_closed (schema='internal-lookalike', readonly=True) _

self = <tests.test_landing_publication_cli.PublicationStoreSchemaTests testMethod=test_weaker_constraints_types_and_unexpected_schema_objects_fail_closed>

    def test_weaker_constraints_types_and_unexpected_schema_objects_fail_closed(self):
        cases = {
            "missing-unique": (self.SCHEMA.replace("NOT NULL UNIQUE", "NOT NULL"), None),
            "missing-primary": (self.SCHEMA.replace("TEXT PRIMARY KEY", "TEXT NOT NULL"), None),
            "nullable": (self.SCHEMA.replace("body BLOB NOT NULL", "body BLOB"), None),
            "wrong-type": (self.SCHEMA.replace("body BLOB", "body TEXT"), None),
            "default": (self.SCHEMA.replace("phase TEXT NOT NULL", "phase TEXT NOT NULL DEFAULT 'prepared'"), None),
            "not-strict": (self.SCHEMA.replace(") STRICT", ")"), None),
            "without-rowid": (self.SCHEMA.replace(") STRICT", ") STRICT, WITHOUT ROWID"), None),
            "collation": (self.SCHEMA.replace("NOT NULL UNIQUE", "NOT NULL COLLATE NOCASE UNIQUE"), None),
            "trigger": (self.SCHEMA, "CREATE TRIGGER publication_noop AFTER INSERT ON publication_intents BEGIN SELECT 1; END"),
            "internal-lookalike": (self.SCHEMA, "CREATE TRIGGER sqliteXpublication AFTER INSERT ON publication_intents BEGIN SELECT 1; END"),
            "view": (self.SCHEMA, "CREATE VIEW publication_view AS SELECT request_id FROM publication_intents"),
            "index": (self.SCHEMA, "CREATE INDEX publication_phase ON publication_intents(phase)"),
            "table": (self.SCHEMA, "CREATE TABLE publication_other (value TEXT) STRICT"),
        }
        for name, (schema, extra) in cases.items():
            root = self.database(name, schema, extra)
            for readonly in (False, True):
                with self.subTest(schema=name, readonly=readonly):
>                   with self.assertRaisesRegex(PublicationError, "publication_state_schema"):
E                   AssertionError: PublicationError not raised

factory/tests/test_landing_publication_cli.py:443: AssertionError
=========================== short test summary info ============================
SUBFAILED(schema='internal-lookalike', readonly=False) factory/tests/test_landing_publication_cli.py::PublicationStoreSchemaTests::test_weaker_constraints_types_and_unexpected_schema_objects_fail_closed
SUBFAILED(schema='internal-lookalike', readonly=True) factory/tests/test_landing_publication_cli.py::PublicationStoreSchemaTests::test_weaker_constraints_types_and_unexpected_schema_objects_fail_closed
2 failed, 1 passed, 16 deselected, 24 subtests passed in 0.63s
