Name                                                 Stmts   Miss Branch BrPart  Cover   Missing
------------------------------------------------------------------------------------------------
.grok-stack/adaptive_grok/__init__.py                    1      0      0      0   100%
.grok-stack/adaptive_grok/_policy_legacy.py            486    191    322     56    56%   86->90, 88->90, 97->99, 113-117, 121-122, 126-130, 134-136, 148-149, 154-165, 177, 181-218, 222-242, 246-264, 270->278, 281, 287, 291, 293, 317-333, 338->349, 342, 354, 361, 363, 367, 370, 372, 373->381, 375, 376->381, 378, 380, 387-388, 390, 398->400, 401, 405->407, 408, 417, 430, 436, 439, 458, 460, 465-468, 471, 476-493, 495-505, 511, 527, 532, 541, 543-545, 554, 557->555, 559, 573, 584, 600, 612, 616->620, 617->616, 628->641, 633->641, 639
.grok-stack/adaptive_grok/architecture.py             1951    298   1186    234    82%   124, 213, 231, 295, 303, 315, 332-333, 469, 503, 537-538, 540, 566, 570, 572, 615, 617, 638, 661, 758-759, 763, 779, 783, 787, 796, 833-834, 839->841, 845, 865, 904, 917->889, 934-935, 945-946, 949, 958-964, 982-983, 987->989, 1018, 1053, 1190-1191, 1209, 1233, 1240, 1300, 1310, 1331, 1333, 1336, 1398, 1400, 1415, 1417, 1427, 1446, 1451-1459, 1461, 1470, 1517-1519, 1579, 1582-1588, 1590, 1602, 1605, 1610, 1631, 1634, 1647, 1661, 1665-1670, 1672, 1675, 1679-1684, 1686, 1689, 1694-1699, 1701, 1704, 1706, 1709, 1712, 1717-1722, 1728, 1745, 1755, 1761, 1773, 1778, 1791, 1797, 1802, 1831->1833, 1842->1844, 1853->1855, 1871, 1899, 1901, 1904, 1908, 1922, 1924, 1926, 1939, 1942, 1944, 1953, 1965, 1973, 1978, 1980, 1987, 2001, 2007, 2013, 2030, 2036, 2039, 2041, 2044, 2046, 2064, 2071, 2073, 2079, 2088, 2092, 2128, 2130, 2133, 2146, 2171, 2208, 2233, 2235, 2249, 2252, 2256, 2271, 2273, 2296-2297, 2299-2300, 2302-2303, 2313, 2353-2354, 2406, 2413, 2437, 2468-2474, 2499-2502, 2513, 2520, 2523, 2526, 2529, 2541, 2547, 2550, 2555, 2557, 2560, 2572, 2574, 2590, 2596, 2599, 2611, 2617, 2620, 2623, 2625, 2629, 2631, 2642, 2644, 2648, 2679, 2681, 2684, 2686, 2689, 2691, 2701, 2705, 2707, 2710, 2712, 2723, 2725, 2732, 2751, 2753, 2756, 2764, 2769, 2773, 2776, 2791, 2796, 2810, 2822, 2831, 2834, 2837, 2839, 2841, 2845, 2848, 2850, 2853, 2855, 2859, 2861, 2865, 2935->2933, 2942, 2956->2960, 2981, 3028, 3030->3029, 3064, 3077, 3079-3081, 3090, 3096, 3105, 3127, 3129, 3142, 3144, 3168, 3172, 3192, 3210, 3247, 3249, 3269, 3292->3296, 3296->3300, 3309-3315, 3339, 3348-3349, 3393-3401, 3470-3472, 3483-3485, 3495-3497
.grok-stack/adaptive_grok/architecture_diagrams.py     177     19     52      8    86%   140-141, 147, 156-160, 182, 184, 186, 194->exit, 201-202, 204, 227, 249, 252, 270, 279
.grok-stack/adaptive_grok/architecture_diff.py         688     88    280     65    84%   62, 69-70, 117-118, 137-138, 141-143, 150, 161, 180, 232-233, 239, 245, 259-263, 269, 337, 349, 358, 360, 366, 373-374, 378->380, 386, 388, 419->421, 439, 451, 456-459, 463, 480-481, 493, 525, 539, 547-548, 551, 557, 563-564, 574-575, 579, 589, 612, 616, 619, 621, 623, 635, 667, 674, 693, 711, 826, 855, 865, 898-899, 902, 906, 909, 912-913, 919, 930, 935, 947, 952, 957, 967, 985, 993, 997, 1007, 1038, 1097, 1099, 1106, 1116, 1139
.grok-stack/adaptive_grok/architecture_fitness.py     1423     83    726     59    93%   266, 299, 305, 313, 321, 334, 342, 354, 357, 359, 362, 371, 374, 382-383, 385, 408, 451, 457, 461->460, 531->503, 545, 549, 554, 625, 643-645, 654, 688, 695, 739->738, 874, 879, 883, 1026, 1100->1102, 1159->1170, 1179, 1186, 1288, 1310-1311, 1324-1325, 1328-1329, 1335-1336, 1339-1341, 1480, 1536-1538, 1575-1576, 1711-1713, 1807, 1815->1814, 1839, 1851, 1960-1962, 1966-1967, 1972, 1986-1987, 2103-2105, 2207, 2233-2234, 2309, 2311, 2347-2349, 2351, 2507, 2622, 2624, 2656
.grok-stack/adaptive_grok/bitrix_checks.py              75      6     46      4    92%   18, 50, 57-58, 66, 92
.grok-stack/adaptive_grok/change.py                     57      6     16      2    89%   41-43, 67-68, 92
.grok-stack/adaptive_grok/demo.py                      122     11     16      5    88%   38, 42, 44, 60, 62, 72, 164-165, 263-265
.grok-stack/adaptive_grok/demo_http.py                 140     18     40      7    86%   65->exit, 101, 109-110, 116-118, 127-128, 138-140, 146-147, 161-163, 168, 185
.grok-stack/adaptive_grok/deploy.py                     57     19     22      4    63%   14-17, 27, 41-51, 63, 66, 70
.grok-stack/adaptive_grok/doctor.py                     73     13     22      5    81%   36-37, 42-43, 52-53, 58-59, 64-65, 74->77, 83, 87-88
.grok-stack/adaptive_grok/governance.py               1347    171    468     78    85%   127, 166, 173-174, 181, 185, 189, 193, 202, 209-210, 230, 237-238, 343-348, 350, 390, 421, 426, 433, 466, 491-498, 506-507, 563-564, 586-587, 622, 625-626, 643-648, 707, 713-714, 722, 726, 740, 773, 777, 786, 806, 809, 812, 837-840, 937-938, 943-944, 974, 1266->1268, 1274-1275, 1304, 1309, 1316, 1321, 1328, 1333, 1431, 1454, 1456->1455, 1474->1473, 1597, 1709, 1741, 1759, 1764, 1778, 1795, 1843->exit, 1856, 1860-1861, 1864, 1867-1868, 1877, 1917-1918, 1921, 1978->1984, 2027, 2030-2031, 2034, 2039-2041, 2053, 2065, 2068-2069, 2072, 2078-2079, 2094-2114, 2259->2309, 2440-2454, 2464, 2467-2474, 2479, 2493, 2498, 2511, 2519, 2527, 2553, 2571-2572, 2574, 2576, 2588, 2595, 2622, 2625-2626, 2632, 2642, 2658, 2665, 2692, 2699, 2810-2811
.grok-stack/adaptive_grok/history.py                   303     11    144     10    95%   70, 86, 98, 154-155, 200, 253, 270, 304, 321, 385, 392->394
.grok-stack/adaptive_grok/manifest.py                  203     25     62     12    86%   30, 60, 71, 81-82, 116-117, 124-125, 132-133, 135, 152-153, 162-163, 174, 203, 235, 247, 252, 255-257, 267
.grok-stack/adaptive_grok/policy.py                     51     23     20      2    48%   25-50, 61, 76, 96
.grok-stack/adaptive_grok/protected_write.py           190     43     68     15    75%   59, 86, 92, 97, 100-101, 104, 107, 125, 136, 138, 143, 147, 149, 151, 196, 203-220, 223, 237-243, 250-251, 254-255
.grok-stack/adaptive_grok/python_test_runner.py        238     49     76     12    79%   36, 49, 59, 101-102, 105-110, 116, 122, 130, 148, 152, 157-159, 218, 231, 244, 261, 274-285, 289-304, 308
.grok-stack/adaptive_grok/queue_provenance.py          702    110    364     45    83%   114, 145, 152-154, 157-161, 174, 180, 200, 261, 264, 267, 270, 288, 291, 294, 297, 300-303, 317, 319, 338, 411, 434, 452-457, 475, 483-488, 496, 507, 514-516, 518, 530-532, 543, 593, 604, 617-618, 620->635, 622-623, 627-628, 630, 632-633, 653, 686, 690-691, 694-695, 703-704, 798, 804, 823, 825, 853-864, 948, 968, 995-997, 1005-1006, 1008-1016, 1018-1026, 1028-1034
.grok-stack/adaptive_grok/receipts.py                  418     67    172     41    81%   59-60, 66, 90, 102, 109-110, 117-118, 122, 125, 132, 152, 157, 189, 192, 197, 204, 243, 248, 279, 314, 321, 323, 339, 354, 359, 363, 371-375, 379, 385-386, 391, 395, 397, 400, 402, 416, 432-433, 485, 489, 516, 522, 564, 572, 575, 590, 600, 612, 618, 663, 681-683, 706-708, 723, 730-731, 733, 742
.grok-stack/adaptive_grok/repo.py                      100     15     50      9    84%   33->32, 63-64, 79-80, 83-84, 87-88, 91-92, 105->107, 108, 115-116, 120-121
.grok-stack/adaptive_grok/router.py                    263     20    128     13    91%   113, 123->125, 126->128, 137, 140-141, 143->142, 216-218, 240, 288-290, 316, 342, 404->406, 423, 479-484
.grok-stack/adaptive_grok/shell_targets.py             269     75    144     32    69%   21, 46, 48, 65->69, 70, 72, 77-79, 88, 90, 92, 104-106, 109-110, 112-113, 123, 130, 132, 137-138, 142-149, 159-161, 167, 173-176, 188, 195, 213-214, 220, 224, 226-229, 248-251, 283-288, 292-302, 311, 323, 337, 339-340, 347, 357
.grok-stack/adaptive_grok/spec.py                      634     94    372     73    82%   67, 78, 85, 87, 95->97, 100, 112-113, 121, 124, 136, 142, 145, 147, 151, 157, 168->217, 171, 177, 180, 184-189, 195, 198-203, 212, 222, 230, 232, 234, 238, 254, 275-276, 284-285, 294, 299, 301, 315, 319, 322, 348, 351->355, 363->362, 367, 374, 376, 388, 390, 401, 469, 478-479, 481, 496, 511-512, 514, 535, 552-554, 555->550, 557->550, 591-592, 594, 597-598, 628, 637, 643, 646, 648, 666->664, 672-673, 693, 696, 702-703, 717, 719, 723, 735-743, 752, 755->757, 757->759, 766, 788-790, 794, 809
.grok-stack/adaptive_grok/state.py                     221     61     58     20    68%   41, 46-50, 75-81, 89-90, 114, 143-157, 177, 202, 204, 206, 208, 212, 215, 219, 223, 246, 262, 265-266, 269, 285-286, 288, 291, 293, 295, 305, 323, 327-334, 338-342
.grok-stack/adaptive_grok/toolchain.py                 117     17     38      8    81%   39, 52-56, 161->160, 178, 184, 186-187, 189-190, 195-196, 200-202
.grok-stack/adaptive_grok/util.py                      167     25     60      6    83%   22-40, 96-99, 108, 132, 139, 141, 192, 197-198, 235
.grok-stack/adaptive_grok/verification.py              540     67    242     37    85%   65, 95, 225-246, 285, 298-299, 305, 325-330, 401, 409, 430, 441, 471->510, 483, 600, 675, 677, 684, 689-691, 717, 719, 720->702, 783-786, 800-812, 856->858, 870-875, 880, 890, 896, 899-900, 903, 906, 912-913, 936-939, 948, 1037, 1039, 1043, 1045, 1050, 1053, 1057, 1108, 1110
.grok-stack/adaptive_grok/workflow_artifacts.py       1027    146    444    102    82%   188, 192, 196, 200, 202, 212-213, 229-230, 234, 240, 280-281, 287, 305, 308, 318-319, 350, 384, 398, 413, 415, 421-422, 451, 454, 460, 462, 470, 502, 525, 528, 544, 559, 569, 577, 587, 693, 695->701, 697, 699->695, 703-704, 708, 713, 755, 758, 763-772, 801, 806, 821, 823, 855, 876->874, 893->892, 922, 936, 941, 948, 951, 954, 974, 985, 1009, 1011, 1013, 1016, 1018, 1034, 1038, 1040, 1043, 1048, 1053, 1060, 1064, 1077, 1102, 1121, 1124-1125, 1133, 1138, 1147, 1160, 1176, 1201, 1207, 1219, 1228, 1239, 1245, 1287->1260, 1346, 1387, 1388->1390, 1391, 1405, 1434, 1439-1440, 1447-1453, 1459-1460, 1465-1470, 1496, 1514, 1518-1521, 1524, 1530, 1532, 1543, 1547, 1555, 1581, 1584->1590, 1608, 1617, 1620-1623, 1684-1685, 1704-1705, 1721-1722, 1725-1726, 1737, 1758
scripts/generate_manifest.py                            11     11      2      0     0%   1-16
scripts/grok_approve.py                                 30     30      6      0     0%   1-82
scripts/grok_architecture.py                            90     35     26      7    59%   57, 61-79, 83-97, 106-123, 127-130, 132-145, 155->157, 159-169, 173
scripts/grok_artifacts.py                               76      6     20      4    90%   55, 67, 84-98, 158
scripts/grok_change.py                                  27     27      4      0     0%   1-33
scripts/grok_demo.py                                    45     45      6      0     0%   2-57
scripts/grok_deploy.py                                  21     21      6      0     0%   1-27
scripts/grok_doctor.py                                  25     25     10      0     0%   1-33
scripts/grok_governance.py                             104    104     28      0     0%   2-177
scripts/grok_history.py                                 20     20      2      0     0%   2-28
scripts/grok_landing_publish.py                         57     57     26      0     0%   3-84
scripts/grok_protected_write.py                         23     23      2      0     0%   2-37
scripts/grok_review.py                                  19     19      2      0     0%   1-24
scripts/grok_route.py                                   31     31      8      0     0%   1-37
scripts/grok_spec.py                                    85      8     24      4    89%   35, 47-48, 102->104, 111, 116-118, 122
scripts/grok_status.py                                  12     12      0      0     0%   1-17
scripts/grok_verify.py                                  24     24      6      0     0%   1-30
scripts/install_into.py                                822    146    262     56    80%   205-208, 216, 219-220, 250, 260, 263-264, 277-279, 301-302, 307-310, 335-338, 344, 351-353, 367, 371-372, 377, 383-384, 403, 415, 417, 422, 438, 451, 475, 479, 490, 501, 507, 516, 519->525, 527, 533, 549-555, 578, 590-591, 615, 626, 634-635, 638, 642, 650, 685, 701, 704, 708-709, 714-715, 726-727, 749, 763-764, 836, 844-845, 871-873, 881, 891, 895, 904, 924, 929-931, 945-946, 960-961, 968, 977, 986, 990-995, 999, 1047-1048, 1052, 1060, 1067, 1075, 1097, 1133, 1146, 1149, 1151, 1166, 1196, 1220, 1224, 1233->1232, 1237-1238, 1365-1427, 1431
scripts/package_stack.py                               676    143    172     49    77%   36-37, 43-44, 50-51, 107-108, 111, 113, 124-125, 127, 129, 132->exit, 143-146, 158, 162-163, 168-169, 197, 218, 225, 226->177, 228-232, 234->236, 244-245, 249-251, 253-254, 261-263, 273-275, 282-283, 301-302, 304, 330-333, 339, 341-344, 346, 354-355, 368-369, 398-399, 414-415, 424-425, 447, 450-453, 470, 483-484, 500-501, 510-511, 518-519, 565-566, 577, 585, 588-589, 591, 623, 625->627, 628, 643, 645, 657, 665-666, 670, 688-689, 693, 701-702, 704, 710, 714, 716-717, 719->724, 722-723, 725->727, 728, 744, 746, 766-767, 771, 785, 834, 841, 853-854, 865-868, 872-874, 881-882, 884, 896-897, 899, 909, 940-941, 943, 964-965, 975->977, 1077, 1080, 1108
scripts/verify_manifest.py                              12     12      4      0     0%   1-16
------------------------------------------------------------------------------------------------
TOTAL                                                14250   2570   6254   1084    80%
